[www.bootstrapdash.com/demo/azia/v1.0.0/template/dashboard-two.html]
[backblue.gif]
[fade.gif]
[index.html]
[www.bootstrapdash.com/demo/azia/v1.0.0/template/index.html]
[www.bootstrapdash.com/demo/azia/v1.0.0/template/dashboard-one.html]
[www.bootstrapdash.com/demo/azia/v1.0.0/template/dashboard-three.html]
[www.bootstrapdash.com/demo/azia/v1.0.0/template/dashboard-four.html]
[www.bootstrapdash.com/demo/azia/v1.0.0/template/dashboard-five.html]
[www.bootstrapdash.com/demo/azia/v1.0.0/template/dashboard-six.html]
[www.bootstrapdash.com/demo/azia/v1.0.0/template/dashboard-seven.html]
[www.bootstrapdash.com/demo/azia/v1.0.0/template/dashboard-eight.html]
[www.bootstrapdash.com/demo/azia/v1.0.0/template/dashboard-nine.html]
[www.bootstrapdash.com/demo/azia/v1.0.0/template/dashboard-ten.html]
[www.bootstrapdash.com/demo/azia/v1.0.0/template/app-mail.html]
[www.bootstrapdash.com/demo/azia/v1.0.0/template/app-chat.html]
[www.bootstrapdash.com/demo/azia/v1.0.0/template/app-calendar.html]
[www.bootstrapdash.com/demo/azia/v1.0.0/template/app-contacts.html]
[www.bootstrapdash.com/demo/azia/v1.0.0/template/app-kanban.html]
[www.bootstrapdash.com/demo/azia/v1.0.0/template/app-tickets.html]
[www.bootstrapdash.com/demo/azia/v1.0.0/template/page-profile.html]
[www.bootstrapdash.com/demo/azia/v1.0.0/template/page-invoice.html]
[www.bootstrapdash.com/demo/azia/v1.0.0/template/page-signin.html]
[www.bootstrapdash.com/demo/azia/v1.0.0/template/page-signup.html]
[www.bootstrapdash.com/demo/azia/v1.0.0/template/page-404.html]
[www.bootstrapdash.com/demo/azia/v1.0.0/template/page-faq.html]
[www.bootstrapdash.com/demo/azia/v1.0.0/template/page-news-grid.html]
[www.bootstrapdash.com/demo/azia/v1.0.0/template/page-product-catalogue.html]
[www.bootstrapdash.com/demo/azia/v1.0.0/template/page-project-list.html]
[www.bootstrapdash.com/demo/azia/v1.0.0/template/page-order.html]
[www.bootstrapdash.com/demo/azia/v1.0.0/template/page-pricing.html]
[www.bootstrapdash.com/demo/azia/v1.0.0/template/landing-sass.html]
[www.bootstrapdash.com/demo/azia/v1.0.0/template/elem-accordion.html]
[www.bootstrapdash.com/demo/azia/v1.0.0/template/elem-alerts.html]
[www.bootstrapdash.com/demo/azia/v1.0.0/template/elem-avatar.html]
[www.bootstrapdash.com/demo/azia/v1.0.0/template/elem-badge.html]
[www.bootstrapdash.com/demo/azia/v1.0.0/template/elem-breadcrumbs.html]
[www.bootstrapdash.com/demo/azia/v1.0.0/template/elem-buttons.html]
[www.bootstrapdash.com/demo/azia/v1.0.0/template/elem-cards.html]
[www.bootstrapdash.com/demo/azia/v1.0.0/template/elem-carousel.html]
[www.bootstrapdash.com/demo/azia/v1.0.0/template/elem-collapse.html]
[www.bootstrapdash.com/demo/azia/v1.0.0/template/elem-dropdown.html]
[www.bootstrapdash.com/demo/azia/v1.0.0/template/elem-icons.html]
[www.bootstrapdash.com/demo/azia/v1.0.0/template/elem-images.html]
[www.bootstrapdash.com/demo/azia/v1.0.0/template/elem-list-group.html]
[www.bootstrapdash.com/demo/azia/v1.0.0/template/elem-media-object.html]
[www.bootstrapdash.com/demo/azia/v1.0.0/template/elem-modals.html]
[www.bootstrapdash.com/demo/azia/v1.0.0/template/elem-navigation.html]
[www.bootstrapdash.com/demo/azia/v1.0.0/template/elem-pagination.html]
[www.bootstrapdash.com/demo/azia/v1.0.0/template/elem-popover.html]
[www.bootstrapdash.com/demo/azia/v1.0.0/template/elem-progress.html]
[www.bootstrapdash.com/demo/azia/v1.0.0/template/elem-spinners.html]
[www.bootstrapdash.com/demo/azia/v1.0.0/template/elem-toast.html]
[www.bootstrapdash.com/demo/azia/v1.0.0/template/elem-tooltip.html]
[www.bootstrapdash.com/demo/azia/v1.0.0/template/form-elements.html]
[www.bootstrapdash.com/demo/azia/v1.0.0/template/form-layouts.html]
[www.bootstrapdash.com/demo/azia/v1.0.0/template/form-validation.html]
[www.bootstrapdash.com/demo/azia/v1.0.0/template/form-wizards.html]
[www.bootstrapdash.com/demo/azia/v1.0.0/template/form-editor.html]
[www.bootstrapdash.com/demo/azia/v1.0.0/template/chart-morris.html]
[www.bootstrapdash.com/demo/azia/v1.0.0/template/chart-flot.html]
[www.bootstrapdash.com/demo/azia/v1.0.0/template/chart-chartjs.html]
[www.bootstrapdash.com/demo/azia/v1.0.0/template/chart-sparkline.html]
[www.bootstrapdash.com/demo/azia/v1.0.0/template/chart-peity.html]
[www.bootstrapdash.com/demo/azia/v1.0.0/template/map-google.html]
[www.bootstrapdash.com/demo/azia/v1.0.0/template/map-leaflet.html]
[www.bootstrapdash.com/demo/azia/v1.0.0/template/map-vector.html]
[www.bootstrapdash.com/demo/azia/v1.0.0/template/table-basic.html]
[www.bootstrapdash.com/demo/azia/v1.0.0/template/table-data.html]
[www.bootstrapdash.com/demo/azia/v1.0.0/template/util-background.html]
[www.bootstrapdash.com/demo/azia/v1.0.0/template/util-border.html]
[www.bootstrapdash.com/demo/azia/v1.0.0/template/util-display.html]
[www.bootstrapdash.com/demo/azia/v1.0.0/template/util-flex.html]
[www.bootstrapdash.com/demo/azia/v1.0.0/template/util-height.html]
[www.bootstrapdash.com/demo/azia/v1.0.0/template/util-margin.html]
[www.bootstrapdash.com/demo/azia/v1.0.0/template/util-padding.html]
[www.bootstrapdash.com/demo/azia/v1.0.0/template/util-position.html]
[www.bootstrapdash.com/demo/azia/v1.0.0/template/util-typography.html]
[www.bootstrapdash.com/demo/azia/v1.0.0/template/util-width.html]
[www.bootstrapdash.com/demo/azia/v1.0.0/template/dashboard-two.html]
[www.bootstrapdash.com/demo/azia/v1.0.0/template/index.html]
[www.bootstrapdash.com/demo/azia/v1.0.0/template/dashboard-one.html]
[www.bootstrapdash.com/demo/azia/v1.0.0/template/dashboard-three.html]
[www.bootstrapdash.com/demo/azia/v1.0.0/template/dashboard-four.html]
[www.bootstrapdash.com/demo/azia/v1.0.0/template/dashboard-five.html]
[www.bootstrapdash.com/demo/azia/v1.0.0/template/dashboard-six.html]
[www.bootstrapdash.com/demo/azia/v1.0.0/template/dashboard-seven.html]
[www.bootstrapdash.com/demo/azia/v1.0.0/template/dashboard-eight.html]
[www.bootstrapdash.com/demo/azia/v1.0.0/template/dashboard-nine.html]
[www.bootstrapdash.com/demo/azia/v1.0.0/template/dashboard-ten.html]
[www.bootstrapdash.com/demo/azia/v1.0.0/template/app-mail.html]
[www.bootstrapdash.com/demo/azia/v1.0.0/template/app-chat.html]
[www.bootstrapdash.com/demo/azia/v1.0.0/template/app-calendar.html]
[www.bootstrapdash.com/demo/azia/v1.0.0/template/app-contacts.html]
[www.bootstrapdash.com/demo/azia/v1.0.0/template/app-kanban.html]
[www.bootstrapdash.com/demo/azia/v1.0.0/template/app-tickets.html]
[www.bootstrapdash.com/demo/azia/v1.0.0/template/page-profile.html]
[www.bootstrapdash.com/demo/azia/v1.0.0/template/page-invoice.html]
[www.bootstrapdash.com/demo/azia/v1.0.0/template/page-signin.html]
[www.bootstrapdash.com/demo/azia/v1.0.0/template/page-signup.html]
[www.bootstrapdash.com/demo/azia/v1.0.0/template/page-404.html]
[www.bootstrapdash.com/demo/azia/v1.0.0/template/page-faq.html]
[www.bootstrapdash.com/demo/azia/v1.0.0/template/page-news-grid.html]
[www.bootstrapdash.com/demo/azia/v1.0.0/template/page-product-catalogue.html]
[www.bootstrapdash.com/demo/azia/v1.0.0/template/page-project-list.html]
[www.bootstrapdash.com/demo/azia/v1.0.0/template/page-order.html]
[www.bootstrapdash.com/demo/azia/v1.0.0/template/page-pricing.html]
[www.bootstrapdash.com/demo/azia/v1.0.0/template/landing-sass.html]
[www.bootstrapdash.com/demo/azia/v1.0.0/template/elem-accordion.html]
[www.bootstrapdash.com/demo/azia/v1.0.0/template/elem-alerts.html]
[www.bootstrapdash.com/demo/azia/v1.0.0/template/elem-avatar.html]
[www.bootstrapdash.com/demo/azia/v1.0.0/template/elem-badge.html]
[www.bootstrapdash.com/demo/azia/v1.0.0/template/elem-breadcrumbs.html]
[www.bootstrapdash.com/demo/azia/v1.0.0/template/elem-buttons.html]
[www.bootstrapdash.com/demo/azia/v1.0.0/template/elem-cards.html]
[www.bootstrapdash.com/demo/azia/v1.0.0/template/elem-carousel.html]
[www.bootstrapdash.com/demo/azia/v1.0.0/template/elem-collapse.html]
[www.bootstrapdash.com/demo/azia/v1.0.0/template/elem-dropdown.html]
[www.bootstrapdash.com/demo/azia/v1.0.0/template/elem-icons.html]
[www.bootstrapdash.com/demo/azia/v1.0.0/template/elem-images.html]
[www.bootstrapdash.com/demo/azia/v1.0.0/template/elem-list-group.html]
[www.bootstrapdash.com/demo/azia/v1.0.0/template/elem-media-object.html]
[www.bootstrapdash.com/demo/azia/v1.0.0/template/elem-modals.html]
[www.bootstrapdash.com/demo/azia/v1.0.0/template/elem-navigation.html]
[www.bootstrapdash.com/demo/azia/v1.0.0/template/elem-pagination.html]
[www.bootstrapdash.com/demo/azia/v1.0.0/template/elem-popover.html]
[www.bootstrapdash.com/demo/azia/v1.0.0/template/elem-progress.html]
[www.bootstrapdash.com/demo/azia/v1.0.0/template/elem-spinners.html]
[www.bootstrapdash.com/demo/azia/v1.0.0/template/elem-toast.html]
[www.bootstrapdash.com/demo/azia/v1.0.0/template/elem-tooltip.html]
[www.bootstrapdash.com/demo/azia/v1.0.0/template/form-elements.html]
[www.bootstrapdash.com/demo/azia/v1.0.0/template/form-layouts.html]
[www.bootstrapdash.com/demo/azia/v1.0.0/template/form-validation.html]
[www.bootstrapdash.com/demo/azia/v1.0.0/template/form-wizards.html]
[www.bootstrapdash.com/demo/azia/v1.0.0/template/form-editor.html]
[www.bootstrapdash.com/demo/azia/v1.0.0/template/chart-morris.html]
[www.bootstrapdash.com/demo/azia/v1.0.0/template/chart-flot.html]
[www.bootstrapdash.com/demo/azia/v1.0.0/template/chart-chartjs.html]
[www.bootstrapdash.com/demo/azia/v1.0.0/template/chart-sparkline.html]
[www.bootstrapdash.com/demo/azia/v1.0.0/template/chart-peity.html]
[www.bootstrapdash.com/demo/azia/v1.0.0/template/map-google.html]
[www.bootstrapdash.com/demo/azia/v1.0.0/template/map-leaflet.html]
[www.bootstrapdash.com/demo/azia/v1.0.0/template/map-vector.html]
[www.bootstrapdash.com/demo/azia/v1.0.0/template/table-basic.html]
[www.bootstrapdash.com/demo/azia/v1.0.0/template/table-data.html]
[www.bootstrapdash.com/demo/azia/v1.0.0/template/util-background.html]
[www.bootstrapdash.com/demo/azia/v1.0.0/template/util-border.html]
[www.bootstrapdash.com/demo/azia/v1.0.0/template/util-display.html]
[www.bootstrapdash.com/demo/azia/v1.0.0/template/util-flex.html]
[www.bootstrapdash.com/demo/azia/v1.0.0/template/util-height.html]
[www.bootstrapdash.com/demo/azia/v1.0.0/template/util-margin.html]
[www.bootstrapdash.com/demo/azia/v1.0.0/template/util-padding.html]
[www.bootstrapdash.com/demo/azia/v1.0.0/template/util-position.html]
[www.bootstrapdash.com/demo/azia/v1.0.0/template/util-typography.html]
[www.bootstrapdash.com/demo/azia/v1.0.0/template/util-width.html]
[www.bootstrapdash.com/demo/azia/v1.0.0/template/util-extras.html]
[www.bootstrapdash.com/demo/azia/v1.0.0/template/util-extras.html]
